2026-04-14 04:26:47-0600: Running with following config:
allowResignation = true
lagBuffer = 1.0
logAllGTPCommunication = true
logDir = gtp_logs
logSearchInfo = true
logSearchInfoForChosenMove = false
logToStderr = false
maxTimePondering = 60.0
maxVisits = 500
numSearchThreads = 6
ponderingEnabled = false
resignConsecTurns = 3
resignThreshold = -0.90
rules = tromp-taylor
searchFactorAfterOnePass = 0.50
searchFactorAfterTwoPass = 0.25
searchFactorWhenWinning = 0.40
searchFactorWhenWinningThreshold = 0.95

2026-04-14 04:26:47-0600: GTP Engine starting...
2026-04-14 04:26:47-0600: KataGo v1.16.4
2026-04-14 04:26:47-0600: Using TrompTaylor rules initially, unless GTP/GUI overrides this
2026-04-14 04:26:47-0600: Using 6 CPU thread(s) for search
2026-04-14 04:26:47-0600: nnRandSeed0 = 5604856578780366848
2026-04-14 04:26:47-0600: After dedups: nnModelFile0 = /Users/danielmosquera/.homebrew/opt/katago/share/katago/g170e-b20c256x2-s5303129600-d1228401921.bin.gz useFP16 auto useNHWC auto
2026-04-14 04:26:47-0600: Initializing neural net buffer to be size 19 * 19 exactly
2026-04-14 04:26:48-0600: Loaded neural net with nnXLen 19 nnYLen 19
2026-04-14 04:26:48-0600: Initializing board with boardXSize 19 boardYSize 19
2026-04-14 04:26:48-0600: Loaded config /Users/danielmosquera/.homebrew/opt/katago/share/katago/configs/gtp_example.cfg
2026-04-14 04:26:48-0600: Loaded model /Users/danielmosquera/.homebrew/opt/katago/share/katago/g170e-b20c256x2-s5303129600-d1228401921.bin.gz
2026-04-14 04:26:48-0600: Model name: g170-b20c256x2-s5303129600-d1228401921
2026-04-14 04:26:48-0600: GTP ready, beginning main protocol loop
2026-04-14 04:26:48-0600: Controller: boardsize 19
2026-04-14 04:26:48-0600: = 
2026-04-14 04:26:48-0600: Controller: clear_board
2026-04-14 04:26:48-0600: = 
2026-04-14 04:26:48-0600: Controller: play B J10
2026-04-14 04:26:48-0600: = 
2026-04-14 04:26:48-0600: Controller: play W D4
2026-04-14 04:26:48-0600: = 
2026-04-14 04:26:48-0600: Controller: kata-raw-nn 0
2026-04-14 04:26:48-0600: = symmetry 0
whiteWin 0.654168
whiteLoss 0.345832
noResult 0.000000
whiteLead 1.831
whiteScoreSelfplay 2.893
whiteScoreSelfplaySq 359.552
varTimeLeft -1.000
shorttermWinlossError -1.000
shorttermScoreError -1.000
policy
0.000002 0.000002 0.000001 0.000002 0.000003 0.000002 0.000002 0.000002 0.000002 0.000002 0.000002 0.000002 0.000002 0.000002 0.000002 0.000002 0.000002 0.000003 0.000001 
0.000003 0.000004 0.000006 0.000011 0.000012 0.000008 0.000008 0.000008 0.000009 0.000009 0.000009 0.000009 0.000009 0.000010 0.000009 0.000008 0.000007 0.000004 0.000003 
0.000002 0.000007 0.001370 0.021850 0.000439 0.000129 0.000094 0.000085 0.000091 0.000099 0.000082 0.000083 0.000101 0.000197 0.000656 0.023821 0.001213 0.000007 0.000003 
0.000002 0.000014 0.030769 0.317383 0.001509 0.000090 0.000084 0.000083 0.000106 0.000113 0.000103 0.000084 0.000095 0.000118 0.001206 0.319716 0.029848 0.000010 0.000002 
0.000003 0.000018 0.000560 0.001942 0.000061 0.000023 0.000018 0.000023 0.000027 0.000028 0.000028 0.000026 0.000025 0.000027 0.000062 0.001442 0.000361 0.000011 0.000002 
0.000003 0.000010 0.000169 0.000164 0.000030 0.000013 0.000016 0.000017 0.000019 0.000021 0.000020 0.000020 0.000019 0.000016 0.000027 0.000111 0.000163 0.000008 0.000002 
0.000003 0.000009 0.000110 0.000092 0.000023 0.000015 0.000014 0.000015 0.000016 0.000015 0.000015 0.000016 0.000017 0.000018 0.000025 0.000087 0.000119 0.000009 0.000002 
0.000002 0.000008 0.000064 0.000055 0.000024 0.000016 0.000013 0.000012 0.000012 0.000012 0.000012 0.000015 0.000017 0.000018 0.000028 0.000077 0.000090 0.000009 0.000002 
0.000002 0.000007 0.000039 0.000046 0.000025 0.000017 0.000012 0.000007 0.000005 0.000006 0.000012 0.000016 0.000017 0.000018 0.000027 0.000080 0.000072 0.000008 0.000002 
0.000002 0.000007 0.000037 0.000041 0.000023 0.000017 0.000010 0.000006     NAN 0.000006 0.000014 0.000019 0.000018 0.000019 0.000030 0.000085 0.000074 0.000009 0.000002 
0.000002 0.000007 0.000036 0.000039 0.000019 0.000013 0.000010 0.000006 0.000005 0.000007 0.000012 0.000017 0.000018 0.000018 0.000027 0.000079 0.000071 0.000008 0.000002 
0.000002 0.000007 0.000062 0.000056 0.000019 0.000013 0.000011 0.000011 0.000011 0.000011 0.000012 0.000015 0.000017 0.000016 0.000025 0.000061 0.000077 0.000008 0.000002 
0.000002 0.000008 0.000166 0.000113 0.000024 0.000013 0.000013 0.000014 0.000015 0.000016 0.000015 0.000017 0.000017 0.000017 0.000027 0.000082 0.000095 0.000008 0.000002 
0.000002 0.000013 0.002176 0.000125 0.000040 0.000021 0.000016 0.000015 0.000016 0.000020 0.000020 0.000021 0.000022 0.000020 0.000025 0.000106 0.000162 0.000009 0.000003 
0.000002 0.000014 0.000045 0.000031 0.000011 0.000033 0.000020 0.000019 0.000017 0.000021 0.000023 0.000023 0.000025 0.000022 0.000062 0.000749 0.000369 0.000011 0.000004 
0.000002 0.000013 0.000110     NAN 0.000037 0.000103 0.000115 0.000051 0.000040 0.000051 0.000069 0.000087 0.000107 0.000144 0.000994 0.200862 0.012300 0.000009 0.000002 
0.000002 0.000006 0.003665 0.000090 0.000049 0.001204 0.000144 0.000053 0.000034 0.000043 0.000060 0.000081 0.000114 0.000162 0.000406 0.012675 0.000762 0.000006 0.000002 
0.000002 0.000004 0.000007 0.000007 0.000015 0.000012 0.000009 0.000007 0.000007 0.000007 0.000007 0.000008 0.000010 0.000012 0.000014 0.000014 0.000006 0.000003 0.000002 
0.000001 0.000002 0.000001 0.000002 0.000001 0.000001 0.000001 0.000002 0.000002 0.000002 0.000002 0.000002 0.000002 0.000002 0.000002 0.000001 0.000002 0.000002 0.000001 
policyPass 0.000005 
whiteOwnership
-0.0549710 0.0139188 -0.0168496 -0.0575428 -0.0508681 -0.0530519 -0.0438229 -0.0286264 -0.0280095 -0.0249433 -0.0299422 -0.0315126 -0.0430622 -0.0603741 -0.0659237 -0.0846438 -0.0241580 -0.0285037 -0.0363798 
-0.0267488 0.0037705 -0.0336406 -0.0994888 -0.0908515 -0.0620291 -0.0460363 -0.0372298 -0.0322227 -0.0239445 -0.0289275 -0.0393099 -0.0509089 -0.0512516 -0.0639726 -0.0763766 -0.0682178 -0.0217223 -0.0216436 
-0.0281667 -0.0232984 -0.0110385 -0.1512537 -0.1421411 -0.0887131 -0.0428807 -0.0346525 -0.0230433 -0.0128620 -0.0202643 -0.0322449 -0.0431353 -0.0512898 -0.0997581 -0.1672892 -0.0657802 -0.1078349 -0.0457944 
-0.0444022 -0.0369710 -0.0990717 -0.5338959 -0.1608160 -0.1222486 -0.0805707 -0.0583357 -0.0422349 -0.0251199 -0.0302069 -0.0455171 -0.0636070 -0.0705912 -0.1355432 -0.5816378 -0.1717411 -0.1061184 -0.0805097 
-0.0365990 -0.0206793 -0.0710715 -0.0734472 -0.1143396 -0.0797615 -0.0474914 -0.0442150 -0.0471116 -0.0494135 -0.0478543 -0.0471000 -0.0510002 -0.0623109 -0.1179601 -0.1325842 -0.0849153 -0.0733260 -0.0745787 
-0.0172226 0.0005255 -0.0059274 -0.0843885 -0.0643093 -0.0652616 -0.0551125 -0.0585337 -0.0664605 -0.0600505 -0.0563071 -0.0540859 -0.0604420 -0.0646110 -0.0588134 -0.1103049 -0.0695755 -0.0564889 -0.0628891 
-0.0073122 0.0027453 -0.0105866 -0.0340239 -0.0344651 -0.0547098 -0.0618309 -0.0815090 -0.0975070 -0.0861574 -0.0699908 -0.0671343 -0.0612750 -0.0483009 -0.0531813 -0.0605912 -0.0491630 -0.0186445 -0.0307322 
-0.0082590 -0.0139110 -0.0038684 -0.0057314 -0.0200152 -0.0461438 -0.0645604 -0.0805042 -0.1307763 -0.0917563 -0.0887722 -0.0618463 -0.0619879 -0.0401150 -0.0377841 -0.0365733 -0.0352624 -0.0193765 -0.0296275 
-0.0295039 -0.0333245 -0.0073046 -0.0057932 -0.0227575 -0.0535397 -0.0588755 -0.0701880 -0.1830113 -0.1173355 -0.0798406 -0.0656286 -0.0526592 -0.0334243 -0.0277703 -0.0166032 -0.0228037 -0.0153645 -0.0352443 
-0.0485989 -0.0432201 -0.0253001 -0.0150981 -0.0315583 -0.0434804 -0.0866798 -0.1574092 -0.6807750 -0.1535477 -0.1209642 -0.0755803 -0.0574234 -0.0280042 -0.0240181 -0.0150219 -0.0221452 -0.0187918 -0.0348330 
-0.0530623 -0.0488142 -0.0372666 -0.0443527 -0.0408947 -0.0421429 -0.0527099 -0.0621476 -0.1545881 -0.1028102 -0.0837614 -0.0652986 -0.0515607 -0.0310942 -0.0309994 -0.0310052 -0.0374248 -0.0276503 -0.0450478 
-0.0509643 -0.0480581 -0.0381440 -0.0387454 -0.0375770 -0.0363113 -0.0306826 -0.0543569 -0.0991868 -0.0721004 -0.0569389 -0.0457924 -0.0532314 -0.0381065 -0.0389249 -0.0481921 -0.0458002 -0.0288137 -0.0496747 
-0.0378996 -0.0696959 -0.0007155 -0.0011400 0.0001493 -0.0342335 -0.0369627 -0.0445382 -0.0588885 -0.0529695 -0.0298202 -0.0374655 -0.0541877 -0.0477332 -0.0443385 -0.0621995 -0.0695642 -0.0414777 -0.0552759 
-0.0163687 -0.0590866 -0.0555829 0.1553504 0.0791652 0.0268037 -0.0288647 -0.0379344 -0.0374273 -0.0273916 -0.0197835 -0.0251090 -0.0515003 -0.0749158 -0.0626211 -0.0902324 -0.0808516 -0.0436317 -0.0664699 
0.0220547 0.0414971 0.1709616 0.2677738 0.1562508 0.0860417 0.0370744 -0.0181726 -0.0319400 -0.0145280 -0.0060437 -0.0154830 -0.0436303 -0.0539301 -0.1167324 -0.0803215 -0.0616500 -0.0174257 -0.0479981 
0.0445375 0.0319751 0.1214063 0.6968547 0.2823568 0.1574468 0.0264581 -0.0057889 -0.0201780 0.0073497 0.0018713 -0.0112345 -0.0262727 -0.0550482 -0.0594322 -0.4378403 -0.0499137 -0.0622928 -0.0666450 
0.0486369 0.0355196 -0.0472785 0.2096561 0.1958090 -0.0169140 0.0329431 -0.0169422 -0.0290103 -0.0094113 0.0079588 0.0055258 -0.0023564 -0.0026004 -0.0575217 -0.0755359 -0.0345835 -0.0491997 -0.0306736 
0.0579262 -0.0023053 0.0452572 0.0799172 0.0785284 -0.0124969 -0.0203955 -0.0107220 -0.0174551 -0.0086214 0.0064603 0.0212567 0.0219043 0.0108382 -0.0084264 -0.0461592 -0.0124190 -0.0276271 -0.0362864 
0.0769046 0.0750720 0.0448588 0.0757810 0.0365210 0.0057254 -0.0200815 -0.0337215 -0.0424952 -0.0343980 -0.0113249 0.0147729 0.0311246 0.0063132 0.0074171 0.0069081 0.0087493 0.0485305 -0.0281851
2026-04-14 04:26:51-0600: Controller: quit
2026-04-14 04:26:51-0600: Quit requested by controller
2026-04-14 04:26:51-0600: = 
2026-04-14 04:26:51-0600: GPU -1 finishing, processed 1 rows 1 batches
2026-04-14 04:26:51-0600: All cleaned up, quitting
